******************************************************************************
              TMS320C55x Linker PC v4.4.1                      
******************************************************************************
>> Linked Mon Apr 02 13:57:50 2018

OUTPUT FILE NAME:   <EQ.out>
ENTRY POINT SYMBOL: "_c_int00"  address: 00028724


MEMORY CONFIGURATION

         name            origin    length      used     unused   attr    fill
                        (bytes)   (bytes)    (bytes)   (bytes)
----------------------  --------  ---------  --------  --------  ----  --------
PAGE 0:
  MMR                   00000000   000000c0  00000000  000000c0  RWIX
  DARAM0                000000c0   0000ff40  00006e88  000090b8  RWIX
  SARAM0                00010000   00010000  00000000  00010000  RWIX
  SARAM1                00020000   00020000  00008846  000177ba  RWIX
  SARAM2                00040000   0000fe00  0000045c  0000f9a4  RWIX
  VECS                  0004fe00   00000200  00000200  00000000  RWIX
  PDROM                 00ff8000   00008000  00000000  00008000  R IX

PAGE 2:
  IOPORT                00000000   00020000  00000000  00020000  RWI 


SECTION ALLOCATION MAP
(Addresses surrounded by []'s are displayed for convenience only!)

output                                                          attributes/
section   page  orgn(bytes) orgn(words) len(bytes) len(words)   input sections
--------  ----  ----------- ----------- ---------- ----------   --------------
.pinit       0   [ 00040000 ]  00020000          *   00000000   UNINITIALIZED

.stack       0   [ 000000c0 ]  00000060          *   00001000   UNINITIALIZED
                 [ 000000c0 ]  00000060          *   00001000   --HOLE--

.data        0   [ 000000c0 ]  00000060          *   00000000   UNINITIALIZED

.sysstack 
*            0   [ 000020c0 ]  00001060          *   00000800   UNINITIALIZED
                 [ 000020c0 ]  00001060          *   00000800   --HOLE--

.sysmem      0   [ 000030c0 ]  00001860          *   00001000   UNINITIALIZED
                 [ 000030c0 ]  00001860          *   00001000   --HOLE--

.bss.1       0   [ 000050c0 ]  00002860          *   00000bdd   UNINITIALIZED
                 [ 000050c0 ]  00002860          *   000004ca   main.obj (.bss)
                 [ 00005a54 ]  00002d2a          *   00000002   aic3204.obj (.bss)
                 [ 00005a58 ]  00002d2c          *   00000408   ezdsp5535_aic3204_dma.obj (.bss)
                 [ 00006268 ]  00003134          *   00000119   rts55x.lib : defs.obj (.bss)
                 [ 0000649a ]  0000324d          *   000000d0              : trgdrv.obj (.bss)
                 [ 0000663a ]  0000331d          *   00000001              : fopen.obj (.bss)
                 [ 0000663c ]  0000331e          *   00000084   cslVC5505.lib : csl_intc.obj (.bss)
                 [ 00006744 ]  000033a2          *   00000071   rts55x.lib : lowlev.obj (.bss)
                 [ 00006826 ]  00003413          *   0000002a   cslVC5505.lib : csl_i2s.obj (.bss)

.bss.2       0   [ 0000687c ]  0000343e          *   0000002e   UNINITIALIZED
                 [ 0000687c ]  0000343e          *   00000012   cslVC5505.lib : csl_i2c.obj (.bss)
                 [ 000068a0 ]  00003450          *   00000008   ezdsp5535bsl.lib : ezdsp5535_sar.obj (.bss)
                 [ 000068b0 ]  00003458          *   00000006   rts55x.lib : memory.obj (.bss)
                 [ 000068bc ]  0000345e          *   00000004   ezdsp5535bsl.lib : ezdsp5535_gpio.obj (.bss)
                 [ 000068c4 ]  00003462          *   00000004   rts55x.lib : _lock.obj (.bss)
                 [ 000068cc ]  00003466          *   00000004              : exit.obj (.bss)
                 [ 000068d4 ]  0000346a          *   00000002   ezdsp5535bsl.lib : ezdsp5535_i2s.obj (.bss)

.const.1     0   [ 000068d8 ]  0000346c          *   00000319   
                 [ 000068d8 ]  0000346c          *   00000174   aic3204_init.obj (.const:.string)
                 [ 00006bc0 ]  000035e0          *   00000101   rts55x.lib : ctype.obj (.const:__ctypes_)
                 [ 00006dc2 ]  000036e1          *   00000060   print_number.obj (.const:_consolas_8ptBitmaps)
                 [ 00006e82 ]  00003741          *   00000001   print_number.obj (.const)
                 [ 00006e84 ]  00003742          *   00000024   rts55x.lib : _printfi.obj (.const:.string)
                 [ 00006ecc ]  00003766          *   0000001f   main.obj (.const:.string)

.const.2     0   [ 00006f0c ]  00003786          *   00000020   
                 [ 00006f0c ]  00003786          *   0000000c   rts55x.lib : _printfi.obj (.const)
                 [ 00006f24 ]  00003792          *   00000008              : divd.obj (.const:_initial_approx$1)
                 [ 00006f34 ]  0000379a          *   00000008   processing.obj (.const)
                 [ 00006f44 ]  000037a2          *   00000002   rts55x.lib : fputs.obj (.const:.string)
                 [ 00006f48 ]  000037a4          *   00000002              : fltlid.obj (.const)

.text        0     00020000  [ 00010000 ] 00008846          *   
                   00020000  [ 00010000 ] 000015a4          *   rts55x.lib : _printfi.obj (.text)
                   000215a4  [ 00010ad2 ] 00000c3c          *   cslVC5505.lib : csl_i2c.obj (.text)
                   000221e0  [ 000110f0 ] 00000b18          *                 : csl_sar.obj (.text)
                   00022cf8  [ 0001167c ] 000009f3          *                 : csl_i2s.obj (.text)
                   000236eb  [ 00011b75+] 0000068d          *                 : csl_gpio.obj (.text)
                   00023d78  [ 00011ebc ] 000005b5          *   aic3204_init.obj (.text)
                   0002432d  [ 00012196+] 00000554          *   cslVC5505.lib : csl_intc.obj (.text)
                   00024881  [ 00012440+] 00000543          *   rts55x.lib : lowlev.obj (.text)
                   00024dc4  [ 000126e2 ] 00000528          *              : trgdrv.obj (.text)
                   000252ec  [ 00012976 ] 000004b5          *              : memory.obj (.text)
                   000257a1  [ 00012bd0+] 000003cc          *              : divd.obj (.text)
                   00025b6d  [ 00012db6+] 00000360          *   main.obj (.text)
                   00025ecd  [ 00012f66+] 0000031b          *   ezdsp5535_aic3204_dma.obj (.text)
                   000261e8  [ 000130f4 ] 000002d2          *   print_number.obj (.text)
                   000264ba  [ 0001325d ] 0000027f          *   rts55x.lib : fopen.obj (.text)
                   00026739  [ 0001339c+] 0000025f          *   processing.obj (.text)
                   00026998  [ 000134cc ] 0000025e          *   rts55x.lib : llmpy.obj (.text)
                   00026bf6  [ 000135fb ] 0000025a          *              : addd.obj (.text)
                   00026e50  [ 00013728 ] 000001ea          *              : cmpd.obj (.text)
                   0002703a  [ 0001381d ] 00000192          *   ezdsp5535bsl.lib : ezdsp5535_lcd.obj (.text)
                   000271cc  [ 000138e6 ] 0000017a          *                    : ezdsp5535_sar.obj (.text)
                   00027346  [ 000139a3 ] 00000163          *   rts55x.lib : fputs.obj (.text)
                   000274a9  [ 00013a54+] 0000014c          *              : mpyd.obj (.text)
                   000275f5  [ 00013afa+] 00000120          *   iir.obj (.text)
                   00027715  [ 00013b8a+] 00000107          *   ezdsp5535bsl.lib : ezdsp5535_i2s.obj (.text)
                   0002781c  [ 00013c0e ] 000000e6          *   rts55x.lib : setvbuf.obj (.text)
                   00027902  [ 00013c81 ] 000000dd          *              : _io_perm.obj (.text)
                   000279df  [ 00013cef+] 000000cc          *   ezdsp5535_aic3204_dma.obj (.text:retain)
                   00027aab  [ 00013d55+] 000000c3          *   aic3204.obj (.text)
                   00027b6e  [ 00013db7 ] 000000c2          *   rts55x.lib : fflush.obj (.text)
                   00027c30  [ 00013e18 ] 000000ba          *              : trgmsg.obj (.text:CIO_breakpoint)
                   00027cea  [ 00013e75 ] 000000a6          *              : fputc.obj (.text)
                   00027d90  [ 00013ec8 ] 000000a1          *              : divul.obj (.text)
                   00027e31  [ 00013f18+] 0000008e          *   ezdsp5535bsl.lib : ezdsp5535_i2c.obj (.text)
                   00027ebf  [ 00013f5f+] 0000008c          *   cslVC5505.lib : csl_irqplug.obj (.text)
                   00027f4b  [ 00013fa5+] 00000087          *   ezdsp5535bsl.lib : ezdsp5535_gpio.obj (.text)
                   00027fd2  [ 00013fe9 ] 0000007d          *   rts55x.lib : ltoa.obj (.text)
                   0002804f  [ 00014027+] 0000007b          *              : fclose.obj (.text)
                   000280ca  [ 00014065 ] 00000076          *              : frcmpyd.obj (.text)
                   00028140  [ 000140a0 ] 00000073          *              : frcmpyd_div.obj (.text)
                   000281b3  [ 000140d9+] 00000072          *              : remul.obj (.text)
                   00028225  [ 00014112+] 0000006f          *              : fixdli.obj (.text)
                   00028294  [ 0001414a ] 0000006d          *   cslVC5505.lib : vectors.obj (.text)
                   00028301  [ 00014180+] 0000006d          *   rts55x.lib : trgmsg.obj (.text)
                   0002836e  [ 000141b7 ] 0000006b          *              : fseek.obj (.text)
                   000283d9  [ 000141ec+] 00000067          *              : fltlid.obj (.text)
                   00028440  [ 00014220 ] 0000005c          *              : atoi.obj (.text)
                   0002849c  [ 0001424e ] 00000054          *   ezdsp5535bsl.lib : ezdsp5535.obj (.text)
                   000284f0  [ 00014278 ] 00000050          *   rts55x.lib : printf.obj (.text)
                   00028540  [ 000142a0 ] 0000004d          *              : autoinit.obj (.text)
                   0002858d  [ 000142c6+] 0000004b          *              : args_main.obj (.text)
                   000285d8  [ 000142ec ] 0000004b          *              : remli.obj (.text)
                   00028623  [ 00014311+] 00000048          *              : divli.obj (.text)
                   0002866b  [ 00014335+] 0000003f          *              : memcpy.obj (.text)
                   000286aa  [ 00014355 ] 0000003e          *              : exit.obj (.text)
                   000286e8  [ 00014374 ] 0000003c          *              : idiv.obj (.text)
                   00028724  [ 00014392 ] 00000034          *              : boot.obj (.text)
                   00028758  [ 000143ac ] 0000002a          *              : fixdi.obj (.text)
                   00028782  [ 000143c1 ] 0000002a          *              : udiv.obj (.text)
                   000287ac  [ 000143d6 ] 00000023          *              : memccpy.obj (.text)
                   000287cf  [ 000143e7+] 0000001a          *              : isinf.obj (.text)
                   000287e9  [ 000143f4+] 00000014          *              : subd.obj (.text)
                   000287fd  [ 000143fe+] 00000013          *              : lmpy.obj (.text)
                   00028810  [ 00014408 ] 00000012          *              : _lock.obj (.text)
                   00028822  [ 00014411 ] 00000010          *              : negd.obj (.text)
                   00028832  [ 00014419 ] 0000000a          *              : remove.obj (.text)
                   0002883c  [ 0001441e ] 00000007          *              : exit.obj (.text:CIO_breakpoint)
                   00028843  [ 00014421+] 00000002          *              : vectors.obj (.text)
                   00028845  [ 00014422 ] 00000001          *   --HOLE-- [fill = 20]

.cio         0   [ 00040000 ]  00020000          *   00000120   UNINITIALIZED
                 [ 00040000 ]  00020000          *   00000120   rts55x.lib : trgmsg.obj (.cio)

.cinit       0   [ 00040240 ]  00020120          *   000000fa   
                 [ 00040240 ]  00020120          *   00000072   main.obj (.cinit)
                 [ 00040324 ]  00020192          *   0000002d   rts55x.lib : lowlev.obj (.cinit)
                 [ 0004037e ]  000201bf          *   0000002a              : defs.obj (.cinit)
                 [ 000403d2 ]  000201e9          *   0000000c   ezdsp5535bsl.lib : ezdsp5535_sar.obj (.cinit)
                 [ 000403ea ]  000201f5          *   0000000a   rts55x.lib : _lock.obj (.cinit)
                 [ 000403fe ]  000201ff          *   0000000a              : exit.obj (.cinit)
                 [ 00040412 ]  00020209          *   00000008   cslVC5505.lib : csl_i2s.obj (.cinit)
                 [ 00040422 ]  00020211          *   00000004   rts55x.lib : fopen.obj (.cinit)
                 [ 0004042a ]  00020215          *   00000004              : memory.obj (.cinit)
                 [ 00040432 ]  00020219          *   00000001   --HOLE-- [fill = 0]

.switch      0   [ 00040434 ]  0002021a          *   00000014   
                 [ 00040434 ]  0002021a          *   00000014   print_number.obj (.switch:_printChar)

vectors      0     0004fe00  [ 00027f00 ] 00000200          *   
                   0004fe00  [ 00027f00 ] 00000100          *   cslVC5505.lib : vectors.obj (vectors)
                   0004ff00  [ 00027f80 ] 00000100          *   rts55x.lib : vectors.obj (vectors)


GLOBAL SYMBOLS: SORTED ALPHABETICALLY BY Name 

abs. value/
byte addr   word addr   name
---------   ---------   ----
00000002                $TI_capability$C5500$CallingConvention
00000002                $TI_capability$C5500$MemoryModel
00000001                $TI_capability_requires_rev3
ffffffff                .bss
ffffffff                .data
ffffffff                .text
0002883d                C$$EXIT
00027ce5                C$$IO$$
000286e8                I$$DIV
000287fd                I$$LMPY
00028707                I$$MOD
00028782                I$$UDIV
00028797                I$$UMOD
0004fe00                RST
00027aab                _AIC3204_rget
00027af6                _AIC3204_rset
            00002d34    _DMA_InputL
            00002e34    _DMA_InputR
            00002f34    _DMA_OutputL
            00003034    _DMA_OutputR
00027fb4                _EZDSP5535_GPIO_getInput
00027f4b                _EZDSP5535_GPIO_init
00027f76                _EZDSP5535_GPIO_setDirection
00027f9a                _EZDSP5535_GPIO_setOutput
00027e31                _EZDSP5535_I2C_init
00027e97                _EZDSP5535_I2C_read
00027e66                _EZDSP5535_I2C_reset
00027e71                _EZDSP5535_I2C_write
0002780a                _EZDSP5535_I2S_close
00027715                _EZDSP5535_I2S_init
0002776e                _EZDSP5535_I2S_readLeft
000277cd                _EZDSP5535_I2S_readRight
000277a0                _EZDSP5535_I2S_writeLeft
000277ee                _EZDSP5535_I2S_writeRight
000270ad                _EZDSP5535_OSD9616_init
00027062                _EZDSP5535_OSD9616_multiSend
0002718f                _EZDSP5535_OSD9616_printLetter
0002703a                _EZDSP5535_OSD9616_send
00027292                _EZDSP5535_SAR_getKey
000271cc                _EZDSP5535_SAR_init
000284e2                _EZDSP5535_init
0002849c                _EZDSP5535_wait
000284d0                _EZDSP5535_waitusec
00023bd6                _GPIO_clearInt
0002372f                _GPIO_close
00023753                _GPIO_config
00023986                _GPIO_configBit
00023ace                _GPIO_disableInt
00023b4c                _GPIO_enableInt
000237d8                _GPIO_getConfig
000236eb                _GPIO_open
00023860                _GPIO_read
00023ce9                _GPIO_reset
00023c62                _GPIO_statusBit
000238e3                _GPIO_write
            0000345e    _GpioObj
0002528e                _HOSTclock
00025223                _HOSTclose
0002516e                _HOSTlseek
000250cf                _HOSTopen
00025042                _HOSTread
00024f94                _HOSTrename
00024f36                _HOSTtime
00024ecc                _HOSTunlink
00024e3f                _HOSTwrite
0002164d                _I2C_config
00022018                _I2C_eventDisable
00021ee4                _I2C_eventEnable
000217b2                _I2C_getConfig
000221c4                _I2C_getEventId
000215a4                _I2C_init
00021cc6                _I2C_read
00022137                _I2C_setCallback
00021888                _I2C_setup
00021a82                _I2C_write
0002312d                _I2S_close
00022cf8                _I2S_open
000231df                _I2S_read
000235ef                _I2S_reset
00022e3f                _I2S_setup
000236a0                _I2S_transEnable
00023499                _I2S_write
000243c7                _IRQ_clear
00024431                _IRQ_clearAll
00024441                _IRQ_config
00024567                _IRQ_disable
000245e5                _IRQ_disableAll
000245f3                _IRQ_enable
000246ed                _IRQ_getArg
000244d4                _IRQ_getConfig
0002483b                _IRQ_globalDisable
00024854                _IRQ_globalEnable
0002486d                _IRQ_globalRestore
0002432d                _IRQ_init
00024766                _IRQ_map
00027ebf                _IRQ_plug
0002467d                _IRQ_restore
00024733                _IRQ_setArg
00024798                _IRQ_setVecs
000247c9                _IRQ_test
0004ff00                _Reset
00022763                _SAR_A2DMeasParamSet
00022bdd                _SAR_GPODirSet
000222da                _SAR_chanClose
0002235e                _SAR_chanConfig
0002265a                _SAR_chanCycSet
0002225d                _SAR_chanInit
00022278                _SAR_chanOpen
00022446                _SAR_chanSetup
0002223d                _SAR_deInit
000223d4                _SAR_getConfig
00022cb9                _SAR_getStatus
000221e0                _SAR_init
00022722                _SAR_readData
000226a9                _SAR_startConversion
000226db                _SAR_stopConversion
            00003454    _SarHandle
            00003450    _SarObj
0004fe00                _VECSTART
            00020000    __CIOBUF_
000242d4                __I2S_init
            00001060    __STACK_END
00002000                __STACK_SIZE
00002000                __SYSMEM_SIZE
00001000                __SYSSTACK_SIZE
00000001                __TI_args_main
ffffffff                ___binit__
ffffffff                ___bss__
ffffffff                ___c_args__
            00020120    ___cinit__
ffffffff                ___data__
ffffffff                ___edata__
ffffffff                ___end__
ffffffff                ___etext__
000287cf                ___isinf
ffffffff                ___pinit__
ffffffff                ___text__
00026bf6                __addd
0002858d                __args_main
000265db                __cleanup
            00003466    __cleanup_ptr
00026fe2                __cmpd
            000035e0    __ctypes_
000257a1                __divd
000286e8                __divi
00028623                __divli
00026bc1                __divlli
00028782                __divu
00027d90                __divul
00026acd                __divull
00027b6e                __doflush
            00003468    __dtors_ptr
00026fae                __eqld
00028758                __fixdi
00028225                __fixdli
000283d9                __fltlid
000280ca                __frcmpyd
00028140                __frcmpyd_div
            0000324c    __ft_end
            00003134    __ftable
00026f64                __geqd
00026f19                __gtrd
00026ecc                __leqd
            00003462    __lock
00026e84                __lssd
000274a9                __mpyd
000287fd                __mpyli
00026a15                __mpylli
00028822                __negd
00026e50                __neqd
00028820                __nop
00021362                __printfi
00027982                __rd_ok
00028818                __register_lock
00028810                __register_unlock
00028707                __remi
000285d8                __remli
000269e6                __remlli
00028797                __remu
000281b3                __remul
00026998                __remull
            00000060    __stack
000287e9                __subd
            00001860    __sys_memory
            00001060    __sysstack
            000031ac    __tmpnams
            00003464    __unlock
00027902                __wrt_ok
0002883c                _abort
00024cd4                _add_device
00027b43                _aic3204_codec_read
00027b5a                _aic3204_codec_write
00027b32                _aic3204_disable
00025ecd                _aic3204_dma_init
00027b20                _aic3204_hardware_init
00023d78                _aic3204_init
00026058                _aic3204_read_block
0002610d                _aic3204_write_block
            00002d1e    _alphaBuff
00028440                _atoi
00028540                _auto_init
            00002d26    _betaBuff
00028724                _c_int00
000267a6                _calculatePeekCoeff
00026739                _calculateShelvingCoeff
0002577b                _calloc
00025773                _chkheap
00026286                _clearLCD
00024c61                _close
            000036e1    _consolas_8ptBitmaps
            00002d2a    _counter1
            00002d2b    _counter2
            00002960    _diracBuff
000286aa                _exit
0002804f                _fclose
00027bd7                _fflush
00024c58                _find_registered_device
000275f5                _first_order_IIR
000266fe                _fopen
00027cea                _fputc
00027346                _fputs
000252ec                _free
0002571d                _free_memory
00026635                _freopen
            00002d12    _freqs
            0000343b    _fsError
0002836e                _fseek
            0000343e    _gI2cObj
00025b6d                _getKey
00024dc4                _getenv
            00003460    _hGpio
            0000346a    _hI2s
            00002cfc    _history_x_HP_L
            00002d08    _history_x_HP_R
            00002cfa    _history_x_LP_L
            00002d06    _history_x_LP_R
            00002cfe    _history_x_Peek1_L
            00002d0a    _history_x_Peek1_R
            00002d02    _history_x_Peek2_L
            00002d0e    _history_x_Peek2_R
            00002cfd    _history_y_HP_L
            00002d09    _history_y_HP_R
            00002cfb    _history_y_LP_L
            00002d07    _history_y_LP_R
            00002d00    _history_y_Peek1_L
            00002d0c    _history_y_Peek1_R
            00002d04    _history_y_Peek2_L
            00002d10    _history_y_Peek2_R
            0000344e    _i2cHandle
000261e8                _initPrintNumber
            000029e0    _izlaz
            00002d18    _k
            00002d1c    _k_i
            00003456    _keyCnt1
            00003457    _keyCnt2
00024bf2                _lseek
00027fd2                _ltoa
00025c0a                _main
0002541d                _malloc
000256c3                _max_free
000287ac                _memccpy
0002866b                _memcpy
000253b8                _minit
00024b33                _open
            0000343c    _ouError
            00002be0    _outputEQ_L
            00002c60    _outputEQ_R
            00002b60    _outputPeek
            00002ce8    _outputPeek_Coeffs
            00002cee    _outputPeek_Coeffs1
            00002cf4    _outputPeek_Coeffs2
            00002a60    _outputShelvingHP
            00002ce0    _outputShelvingHP_Coeffs
            00002ae0    _outputShelvingLP
            00002ce4    _outputShelvingLP_Coeffs
            00003453    _preKey
00026354                _printChar
00025b92                _printNewValue
000284f0                _printf
00027cea                _putc
00027d81                _putchar
0002747b                _puts
00024a85                _read
00028301                _readmsg
00025512                _realloc
00028832                _remove
00024a4f                _remove_device
000249f6                _rename
            00002860    _sampleBufferL
            000028e0    _sampleBufferR
0002765c                _second_order_IIR
00026332                _setWritePointerToFirstChar
00023f69                _set_sampling_frequency_and_gain
0002781c                _setvbuf
00026854                _shelvingHP
000268c0                _shelvingLP
0002692c                _shelvingPeek
            00003741    _sign_width
000249c3                _unlink
00024881                _write
00027c30                _writemsg
ffffffff                binit
            00020120    cinit
ffffffff                edata
ffffffff                end
ffffffff                etext
ffffffff                pinit


GLOBAL SYMBOLS: SORTED BY Symbol Address 

abs. value/
byte addr   word addr   name
---------   ---------   ----
00000001                $TI_capability_requires_rev3
00000001                __TI_args_main
00000002                $TI_capability$C5500$CallingConvention
00000002                $TI_capability$C5500$MemoryModel
            00000060    __stack
00001000                __SYSSTACK_SIZE
00002000                __STACK_SIZE
00002000                __SYSMEM_SIZE
            00001060    __STACK_END
            00001060    __sysstack
            00001860    __sys_memory
            00002860    _sampleBufferL
            000028e0    _sampleBufferR
            00002960    _diracBuff
            000029e0    _izlaz
            00002a60    _outputShelvingHP
            00002ae0    _outputShelvingLP
            00002b60    _outputPeek
            00002be0    _outputEQ_L
            00002c60    _outputEQ_R
            00002ce0    _outputShelvingHP_Coeffs
            00002ce4    _outputShelvingLP_Coeffs
            00002ce8    _outputPeek_Coeffs
            00002cee    _outputPeek_Coeffs1
            00002cf4    _outputPeek_Coeffs2
            00002cfa    _history_x_LP_L
            00002cfb    _history_y_LP_L
            00002cfc    _history_x_HP_L
            00002cfd    _history_y_HP_L
            00002cfe    _history_x_Peek1_L
            00002d00    _history_y_Peek1_L
            00002d02    _history_x_Peek2_L
            00002d04    _history_y_Peek2_L
            00002d06    _history_x_LP_R
            00002d07    _history_y_LP_R
            00002d08    _history_x_HP_R
            00002d09    _history_y_HP_R
            00002d0a    _history_x_Peek1_R
            00002d0c    _history_y_Peek1_R
            00002d0e    _history_x_Peek2_R
            00002d10    _history_y_Peek2_R
            00002d12    _freqs
            00002d18    _k
            00002d1c    _k_i
            00002d1e    _alphaBuff
            00002d26    _betaBuff
            00002d2a    _counter1
            00002d2b    _counter2
            00002d34    _DMA_InputL
            00002e34    _DMA_InputR
            00002f34    _DMA_OutputL
            00003034    _DMA_OutputR
            00003134    __ftable
            000031ac    __tmpnams
            0000324c    __ft_end
            0000343b    _fsError
            0000343c    _ouError
            0000343e    _gI2cObj
            0000344e    _i2cHandle
            00003450    _SarObj
            00003453    _preKey
            00003454    _SarHandle
            00003456    _keyCnt1
            00003457    _keyCnt2
            0000345e    _GpioObj
            00003460    _hGpio
            00003462    __lock
            00003464    __unlock
            00003466    __cleanup_ptr
            00003468    __dtors_ptr
            0000346a    _hI2s
            000035e0    __ctypes_
            000036e1    _consolas_8ptBitmaps
            00003741    _sign_width
00021362                __printfi
000215a4                _I2C_init
0002164d                _I2C_config
000217b2                _I2C_getConfig
00021888                _I2C_setup
00021a82                _I2C_write
00021cc6                _I2C_read
00021ee4                _I2C_eventEnable
00022018                _I2C_eventDisable
00022137                _I2C_setCallback
000221c4                _I2C_getEventId
000221e0                _SAR_init
0002223d                _SAR_deInit
0002225d                _SAR_chanInit
00022278                _SAR_chanOpen
000222da                _SAR_chanClose
0002235e                _SAR_chanConfig
000223d4                _SAR_getConfig
00022446                _SAR_chanSetup
0002265a                _SAR_chanCycSet
000226a9                _SAR_startConversion
000226db                _SAR_stopConversion
00022722                _SAR_readData
00022763                _SAR_A2DMeasParamSet
00022bdd                _SAR_GPODirSet
00022cb9                _SAR_getStatus
00022cf8                _I2S_open
00022e3f                _I2S_setup
0002312d                _I2S_close
000231df                _I2S_read
00023499                _I2S_write
000235ef                _I2S_reset
000236a0                _I2S_transEnable
000236eb                _GPIO_open
0002372f                _GPIO_close
00023753                _GPIO_config
000237d8                _GPIO_getConfig
00023860                _GPIO_read
000238e3                _GPIO_write
00023986                _GPIO_configBit
00023ace                _GPIO_disableInt
00023b4c                _GPIO_enableInt
00023bd6                _GPIO_clearInt
00023c62                _GPIO_statusBit
00023ce9                _GPIO_reset
00023d78                _aic3204_init
00023f69                _set_sampling_frequency_and_gain
000242d4                __I2S_init
0002432d                _IRQ_init
000243c7                _IRQ_clear
00024431                _IRQ_clearAll
00024441                _IRQ_config
000244d4                _IRQ_getConfig
00024567                _IRQ_disable
000245e5                _IRQ_disableAll
000245f3                _IRQ_enable
0002467d                _IRQ_restore
000246ed                _IRQ_getArg
00024733                _IRQ_setArg
00024766                _IRQ_map
00024798                _IRQ_setVecs
000247c9                _IRQ_test
0002483b                _IRQ_globalDisable
00024854                _IRQ_globalEnable
0002486d                _IRQ_globalRestore
00024881                _write
000249c3                _unlink
000249f6                _rename
00024a4f                _remove_device
00024a85                _read
00024b33                _open
00024bf2                _lseek
00024c58                _find_registered_device
00024c61                _close
00024cd4                _add_device
00024dc4                _getenv
00024e3f                _HOSTwrite
00024ecc                _HOSTunlink
00024f36                _HOSTtime
00024f94                _HOSTrename
00025042                _HOSTread
000250cf                _HOSTopen
0002516e                _HOSTlseek
00025223                _HOSTclose
0002528e                _HOSTclock
000252ec                _free
000253b8                _minit
0002541d                _malloc
00025512                _realloc
000256c3                _max_free
0002571d                _free_memory
00025773                _chkheap
0002577b                _calloc
000257a1                __divd
00025b6d                _getKey
00025b92                _printNewValue
00025c0a                _main
00025ecd                _aic3204_dma_init
00026058                _aic3204_read_block
0002610d                _aic3204_write_block
000261e8                _initPrintNumber
00026286                _clearLCD
00026332                _setWritePointerToFirstChar
00026354                _printChar
000265db                __cleanup
00026635                _freopen
000266fe                _fopen
00026739                _calculateShelvingCoeff
000267a6                _calculatePeekCoeff
00026854                _shelvingHP
000268c0                _shelvingLP
0002692c                _shelvingPeek
00026998                __remull
000269e6                __remlli
00026a15                __mpylli
00026acd                __divull
00026bc1                __divlli
00026bf6                __addd
00026e50                __neqd
00026e84                __lssd
00026ecc                __leqd
00026f19                __gtrd
00026f64                __geqd
00026fae                __eqld
00026fe2                __cmpd
0002703a                _EZDSP5535_OSD9616_send
00027062                _EZDSP5535_OSD9616_multiSend
000270ad                _EZDSP5535_OSD9616_init
0002718f                _EZDSP5535_OSD9616_printLetter
000271cc                _EZDSP5535_SAR_init
00027292                _EZDSP5535_SAR_getKey
00027346                _fputs
0002747b                _puts
000274a9                __mpyd
000275f5                _first_order_IIR
0002765c                _second_order_IIR
00027715                _EZDSP5535_I2S_init
0002776e                _EZDSP5535_I2S_readLeft
000277a0                _EZDSP5535_I2S_writeLeft
000277cd                _EZDSP5535_I2S_readRight
000277ee                _EZDSP5535_I2S_writeRight
0002780a                _EZDSP5535_I2S_close
0002781c                _setvbuf
00027902                __wrt_ok
00027982                __rd_ok
00027aab                _AIC3204_rget
00027af6                _AIC3204_rset
00027b20                _aic3204_hardware_init
00027b32                _aic3204_disable
00027b43                _aic3204_codec_read
00027b5a                _aic3204_codec_write
00027b6e                __doflush
00027bd7                _fflush
00027c30                _writemsg
00027ce5                C$$IO$$
00027cea                _fputc
00027cea                _putc
00027d81                _putchar
00027d90                __divul
00027e31                _EZDSP5535_I2C_init
00027e66                _EZDSP5535_I2C_reset
00027e71                _EZDSP5535_I2C_write
00027e97                _EZDSP5535_I2C_read
00027ebf                _IRQ_plug
00027f4b                _EZDSP5535_GPIO_init
00027f76                _EZDSP5535_GPIO_setDirection
00027f9a                _EZDSP5535_GPIO_setOutput
00027fb4                _EZDSP5535_GPIO_getInput
00027fd2                _ltoa
0002804f                _fclose
000280ca                __frcmpyd
00028140                __frcmpyd_div
000281b3                __remul
00028225                __fixdli
00028301                _readmsg
0002836e                _fseek
000283d9                __fltlid
00028440                _atoi
0002849c                _EZDSP5535_wait
000284d0                _EZDSP5535_waitusec
000284e2                _EZDSP5535_init
000284f0                _printf
00028540                _auto_init
0002858d                __args_main
000285d8                __remli
00028623                __divli
0002866b                _memcpy
000286aa                _exit
000286e8                I$$DIV
000286e8                __divi
00028707                I$$MOD
00028707                __remi
00028724                _c_int00
00028758                __fixdi
00028782                I$$UDIV
00028782                __divu
00028797                I$$UMOD
00028797                __remu
000287ac                _memccpy
000287cf                ___isinf
000287e9                __subd
000287fd                I$$LMPY
000287fd                __mpyli
00028810                __register_unlock
00028818                __register_lock
00028820                __nop
00028822                __negd
00028832                _remove
0002883c                _abort
0002883d                C$$EXIT
            00020000    __CIOBUF_
            00020120    ___cinit__
            00020120    cinit
0004fe00                RST
0004fe00                _VECSTART
0004ff00                _Reset
ffffffff                .bss
ffffffff                .data
ffffffff                .text
ffffffff                ___binit__
ffffffff                ___bss__
ffffffff                ___c_args__
ffffffff                ___data__
ffffffff                ___edata__
ffffffff                ___end__
ffffffff                ___etext__
ffffffff                ___pinit__
ffffffff                ___text__
ffffffff                binit
ffffffff                edata
ffffffff                end
ffffffff                etext
ffffffff                pinit

[307 symbols]
